1	|:	{
2	|:		Cmput 415 - Team YACC
3	|:		7.pal
4	|:		Tests for correct syntatic use of operators.
5	|:		Errors:
6	|:			-comment separates characters in <> token making it
7	|:			 separate < and > tokens inappropriate place causing error
8	|:			-mismatched parenthesis in nested computation
9	|:			-
10	|:	
11	|:	
12	|:	}
13	|:	
14	|:	program PalPal(in, out);
15	|:	
16	|:	const
17	|:		a = 19283940;
18	|:		b = 8*8*8*8*8*9*9*9*8*7*6*5*4*4;c = 230498230498;
19	|:	
20	|:	type
21	|:		a = integer;
22	|:		b = real;
23	|:		c = bool;
24	|:		d = whatever;
25	|:		i = daTruth;
26	|:		hello = array[123..12312312312312312312] of adf;
27	|:	
28	|:	var
29	|:		a : bone;
30	|:		b : cone;
31	|:		c : drone;
32	|:		d : eucardlkfjsldkfjlakdjfalkdsfjLKJLDSKJSDLKFJDLFKJ;
33	|:		i : amtired;
34	|:	
35	|:	procedure p(a : integer);
36	|:	begin
37	|:		a := (a < b)*(b-a*(a-b)*(2 div 5 div 3))*((((((((((0))))))))));
38	|:	end;
39	|:	begin
40	|:		a := (a*b-2) div (3/4)+(-2*((-2*(-2)))+111111111*bbbbbbbb;
Error	|:	Error: syntax error, unexpected SEMICOLON Error token: ; (line 40, col 59)
41	|:		while (i*i*i*i*i*i > j*k*l/m/n/o/p) < -123123E897234987 do
42	|:			begin
43	|:				if a or b and c and d or c or d or b and not j) then
Error	|:	Error: syntax error, unexpected R_PAREN Error token: ) (line 43, col 50)
44	|:					nothing := nothingc
45	|:				else
46	|:					nothing := something;
47	|:				if a then
48	|:					continue
49	|:				else
50	|:					exit;
51	|:			end;
52	|:		if thatGravyTrainEveryStops <{comment separated tokens, should two tokens}> then
Error	|:	Error: syntax error, unexpected GREATER Error token: > (line 52, col 76)
53	|:			weGot := problems
54	|:		else
55	|:			weGot := itMade;
56	|:	
57	|:	end. 
58	|:	