1	|:	!!!!!!!!!!
Error	|:	Error: Unrecognized token(s) Error token: ! (line 1, col 1)
Error	|:	Error: syntax error, unexpected UNREC, expecting PROGRAM Error token: ! (line 1, col 1)
Error	|:	Error: Unrecognized token(s) Error token: ! (line 1, col 2)
Error	|:	Error: Unrecognized token(s) Error token: ! (line 1, col 3)
Error	|:	Error: Unrecognized token(s) Error token: ! (line 1, col 4)
Error	|:	Error: Unrecognized token(s) Error token: ! (line 1, col 5)
Error	|:	Error: Unrecognized token(s) Error token: ! (line 1, col 6)
Error	|:	Error: Unrecognized token(s) Error token: ! (line 1, col 7)
Error	|:	Error: Unrecognized token(s) Error token: ! (line 1, col 8)
Error	|:	Error: Unrecognized token(s) Error token: ! (line 1, col 9)
Error	|:	Error: Unrecognized token(s) Error token: ! (line 1, col 10)
2	|:	!!!!!!!!!!
Error	|:	Error: Unrecognized token(s) Error token: ! (line 2, col 1)
Error	|:	Error: Unrecognized token(s) Error token: ! (line 2, col 2)
Error	|:	Error: Unrecognized token(s) Error token: ! (line 2, col 3)
Error	|:	Error: Unrecognized token(s) Error token: ! (line 2, col 4)
Error	|:	Error: Unrecognized token(s) Error token: ! (line 2, col 5)
Error	|:	Error: Unrecognized token(s) Error token: ! (line 2, col 6)
Error	|:	Error: Unrecognized token(s) Error token: ! (line 2, col 7)
Error	|:	Error: Unrecognized token(s) Error token: ! (line 2, col 8)
Error	|:	Error: Unrecognized token(s) Error token: ! (line 2, col 9)
Error	|:	Error: Unrecognized token(s) Error token: ! (line 2, col 10)
3	|:	!!!!!!!!!!
Error	|:	Error: Unrecognized token(s) Error token: ! (line 3, col 1)
Error	|:	Error: Unrecognized token(s) Error token: ! (line 3, col 2)
Error	|:	Error: Unrecognized token(s) Error token: ! (line 3, col 3)
Error	|:	Error: Unrecognized token(s) Error token: ! (line 3, col 4)
Error	|:	Error: Unrecognized token(s) Error token: ! (line 3, col 5)
Error	|:	Error: Unrecognized token(s) Error token: ! (line 3, col 6)
Error	|:	Error: Unrecognized token(s) Error token: ! (line 3, col 7)
Error	|:	Error: Unrecognized token(s) Error token: ! (line 3, col 8)
Error	|:	Error: Unrecognized token(s) Error token: ! (line 3, col 9)
Error	|:	Error: Unrecognized token(s) Error token: ! (line 3, col 10)
4	|:	!!!!!!!!!!
Error	|:	Error: Unrecognized token(s) Error token: ! (line 4, col 1)
Error	|:	Error: Unrecognized token(s) Error token: ! (line 4, col 2)
Error	|:	Error: Unrecognized token(s) Error token: ! (line 4, col 3)
Error	|:	Error: Unrecognized token(s) Error token: ! (line 4, col 4)
Error	|:	Error: Unrecognized token(s) Error token: ! (line 4, col 5)
Error	|:	Error: Unrecognized token(s) Error token: ! (line 4, col 6)
Error	|:	Error: Unrecognized token(s) Error token: ! (line 4, col 7)
Error	|:	Error: Unrecognized token(s) Error token: ! (line 4, col 8)
Error	|:	Error: Unrecognized token(s) Error token: ! (line 4, col 9)
Error	|:	Error: Unrecognized token(s) Error token: ! (line 4, col 10)
5	|:	!!!!!!!!!!
Error	|:	Error: Unrecognized token(s) Error token: ! (line 5, col 1)
Error	|:	Error: Unrecognized token(s) Error token: ! (line 5, col 2)
Error	|:	Error: Unrecognized token(s) Error token: ! (line 5, col 3)
Error	|:	Error: Unrecognized token(s) Error token: ! (line 5, col 4)
Error	|:	Error: Unrecognized token(s) Error token: ! (line 5, col 5)
Error	|:	Error: Unrecognized token(s) Error token: ! (line 5, col 6)
Error	|:	Error: Unrecognized token(s) Error token: ! (line 5, col 7)
Error	|:	Error: Unrecognized token(s) Error token: ! (line 5, col 8)
Error	|:	Error: Unrecognized token(s) Error token: ! (line 5, col 9)
Error	|:	Error: Unrecognized token(s) Error token: ! (line 5, col 10)
6	|:	!!!!!!!!!!
Error	|:	Error: Unrecognized token(s) Error token: ! (line 6, col 1)
Error	|:	Error: Unrecognized token(s) Error token: ! (line 6, col 2)
Error	|:	Error: Unrecognized token(s) Error token: ! (line 6, col 3)
Error	|:	Error: Unrecognized token(s) Error token: ! (line 6, col 4)
Error	|:	Error: Unrecognized token(s) Error token: ! (line 6, col 5)
Error	|:	Error: Unrecognized token(s) Error token: ! (line 6, col 6)
Error	|:	Error: Unrecognized token(s) Error token: ! (line 6, col 7)
Error	|:	Error: Unrecognized token(s) Error token: ! (line 6, col 8)
Error	|:	Error: Unrecognized token(s) Error token: ! (line 6, col 9)
Error	|:	Error: Unrecognized token(s) Error token: ! (line 6, col 10)
7	|:	!!!!!!!!!!
Error	|:	Error: Unrecognized token(s) Error token: ! (line 7, col 1)
Error	|:	Error: Unrecognized token(s) Error token: ! (line 7, col 2)
Error	|:	Error: Unrecognized token(s) Error token: ! (line 7, col 3)
Error	|:	Error: Unrecognized token(s) Error token: ! (line 7, col 4)
Error	|:	Error: Unrecognized token(s) Error token: ! (line 7, col 5)
Error	|:	Error: Unrecognized token(s) Error token: ! (line 7, col 6)
Error	|:	Error: Unrecognized token(s) Error token: ! (line 7, col 7)
Error	|:	Error: Unrecognized token(s) Error token: ! (line 7, col 8)
Error	|:	Error: Unrecognized token(s) Error token: ! (line 7, col 9)
Error	|:	Error: Unrecognized token(s) Error token: ! (line 7, col 10)
8	|:	!!!!!!!!!!
Error	|:	Error: Unrecognized token(s) Error token: ! (line 8, col 1)
Error	|:	Error: Unrecognized token(s) Error token: ! (line 8, col 2)
Error	|:	Error: Unrecognized token(s) Error token: ! (line 8, col 3)
Error	|:	Error: Unrecognized token(s) Error token: ! (line 8, col 4)
Error	|:	Error: Unrecognized token(s) Error token: ! (line 8, col 5)
Error	|:	Error: Unrecognized token(s) Error token: ! (line 8, col 6)
Error	|:	Error: Unrecognized token(s) Error token: ! (line 8, col 7)
Error	|:	Error: Unrecognized token(s) Error token: ! (line 8, col 8)
Error	|:	Error: Unrecognized token(s) Error token: ! (line 8, col 9)
Error	|:	Error: Unrecognized token(s) Error token: ! (line 8, col 10)
9	|:	!!!!!!!!!!
Error	|:	Error: Unrecognized token(s) Error token: ! (line 9, col 1)
Error	|:	Error: Unrecognized token(s) Error token: ! (line 9, col 2)
Error	|:	Error: Unrecognized token(s) Error token: ! (line 9, col 3)
Error	|:	Error: Unrecognized token(s) Error token: ! (line 9, col 4)
Error	|:	Error: Unrecognized token(s) Error token: ! (line 9, col 5)
Error	|:	Error: Unrecognized token(s) Error token: ! (line 9, col 6)
Error	|:	Error: Unrecognized token(s) Error token: ! (line 9, col 7)
Error	|:	Error: Unrecognized token(s) Error token: ! (line 9, col 8)
Error	|:	Error: Unrecognized token(s) Error token: ! (line 9, col 9)
Error	|:	Error: Unrecognized token(s) Error token: ! (line 9, col 10)
10	|:	!!!!!!!!!!
Error	|:	Error: Unrecognized token(s) Error token: ! (line 10, col 1)
Error	|:	Error: Unrecognized token(s) Error token: ! (line 10, col 2)
Error	|:	Error: Unrecognized token(s) Error token: ! (line 10, col 3)
Error	|:	Error: Unrecognized token(s) Error token: ! (line 10, col 4)
Error	|:	Error: Unrecognized token(s) Error token: ! (line 10, col 5)
Error	|:	Error: Unrecognized token(s) Error token: ! (line 10, col 6)
Error	|:	Error: Unrecognized token(s) Error token: ! (line 10, col 7)
Error	|:	Error: Unrecognized token(s) Error token: ! (line 10, col 8)
11	|:	
12	|:	~~~~~~~~~~~~~~~~~~~~~~~~~
13	|:	